Step 1:
=> o = 00
=> a = 00
Step 2:
=> o = 00
=> a = 11
Step 3:
=> o = 00
=> a = 11
