Step 1: 
=> c = 1
=> d = 0
=> e = 1
=> f = 0
Step 2: 
=> c = 0
=> d = 0
=> e = 1
=> f = 1
Step 3: 
=> c = 1
=> d = 0
=> e = 1
=> f = 1
Step 4: 
=> c = 0
=> d = 1
=> e = 0
=> f = 1
