Step 1: 
=> o = 0
Step 2: 
=> o = 1
Step 3: 
=> o = 1
Step 4: 
=> o = 0
Step 5: 
=> o = 0
Step 6: 
=> o = 1
Step 7: 
=> o = 1
Step 8: 
=> o = 0
Step 9: 
=> o = 0
Step 10: 
=> o = 1
