Step 1: 
=> s = 0
=> r = 0
Step 2: 
=> s = 0
=> r = 0
Step 3: 
=> s = 0
=> r = 0
Step 4: 
=> s = 1
=> r = 0
Step 5: 
=> s = 1
=> r = 0
Step 6: 
=> s = 1
=> r = 0
Step 7: 
=> s = 1
=> r = 1
Step 8: 
=> s = 0
=> r = 0
Step 9: 
=> s = 0
=> r = 0
Step 10: 
=> s = 1
=> r = 1
Step 11: 
=> s = 0
=> r = 0
Step 12: 
=> s = 1
=> r = 1
Step 13: 
=> s = 0
=> r = 0
Step 14: 
=> s = 0
=> r = 0
Step 15: 
=> s = 0
=> r = 0
Step 16: 
=> s = 1
=> r = 1
Step 17: 
=> s = 0
=> r = 0
Step 18: 
=> s = 0
=> r = 0
Step 19: 
=> s = 1
=> r = 1
Step 20: 
=> s = 0
=> r = 0
Step 21: 
=> s = 1
=> r = 1
Step 22: 
=> s = 0
=> r = 0
Step 23: 
=> s = 1
=> r = 0
Step 24: 
=> s = 1
=> r = 0
Step 25: 
=> s = 1
=> r = 1
Step 26: 
=> s = 0
=> r = 0
Step 27: 
=> s = 1
=> r = 1
Step 28: 
=> s = 0
=> r = 0
Step 29: 
=> s = 0
=> r = 0
Step 30: 
=> s = 1
=> r = 0
Step 31: 
=> s = 1
=> r = 1
Step 32: 
=> s = 0
=> r = 0
Step 33: 
=> s = 0
=> r = 0
Step 34: 
=> s = 0
=> r = 0
Step 35: 
=> s = 0
=> r = 0
Step 36: 
=> s = 0
=> r = 0
Step 37: 
=> s = 1
=> r = 1
Step 38: 
=> s = 0
=> r = 0
Step 39: 
=> s = 1
=> r = 1
Step 40: 
=> s = 0
=> r = 0
Step 41: 
=> s = 1
=> r = 1
Step 42: 
=> s = 0
=> r = 0
