Step 1: 
=> c = 00011
Step 2: 
=> c = 10101
Step 3: 
=> c = 10111
Step 4: 
=> c = 11100
Step 5: 
=> c = 00000
Step 6: 
=> c = 11111
