Step 1:
=> u = 1
=> v = 0
=> w = 1
=> x = 1
Step 2:
=> u = 0
=> v = 1
=> w = 0
=> x = 1
Step 3:
=> u = 0
=> v = 0
=> w = 1
=> x = 0
Step 4:
=> u = 0
=> v = 0
=> w = 0
=> x = 1
Step 5:
=> u = 1
=> v = 0
=> w = 1
=> x = 1
Step 6:
=> u = 0
=> v = 1
=> w = 0
=> x = 1
Step 7:
=> u = 0
=> v = 0
=> w = 1
=> x = 0
Step 8:
=> u = 0
=> v = 0
=> w = 0
=> x = 1
Step 9:
=> u = 1
=> v = 0
=> w = 1
=> x = 1
Step 10:
=> u = 0
=> v = 1
=> w = 0
=> x = 1
