Step 1:
=> s = 0
=> r = 0
Step 2:
=> s = 1
=> r = 0
Step 3:
=> s = 1
=> r = 0
Step 4:
=> s = 0
=> r = 1
Step 5:
=> s = 1
=> r = 0
Step 6:
=> s = 0
=> r = 1
Step 7:
=> s = 0
=> r = 1
Step 8:
=> s = 1
=> r = 1
