Step 1: 
=> d = 0
Step 2: 
=> d = 1
Step 3: 
=> d = 0
Step 4: 
=> d = 1
