Step 1: 
=> o = 1
=> c = 0
Step 2: 
=> o = 1
=> c = 0
Step 3: 
=> o = 0
=> c = 0
Step 4: 
=> o = 0
=> c = 1
