Step 1:
=> o = 0000
Step 2:
=> o = 1010
Step 3:
=> o = 1110
Step 4:
=> o = 0000
Step 5:
=> o = 0000
Step 6:
=> o = 1100
Step 7:
=> o = 1100
