Step 1:
=> o = 0000
Step 2:
=> o = 1111
Step 3:
=> o = 1111
