Step 1:
=> o = 0000
Step 2:
=> o = 0000
Step 3:
=> o = 0010
