Step 1:
=> o = 0000
Step 2:
=> o = 1000
Step 3:
=> o = 0000
Step 4:
=> o = 0101
Step 5:
=> o = 0111
Step 6:
=> o = 0000
Step 7:
=> o = 0000
Step 8:
=> o = 0111

