Step 1: 
=> a = 0
=> b = 1
=> c = 1
Step 2: 
=> a = 1
=> b = 0
=> c = 0
Step 3: 
=> a = 0
=> b = 1
=> c = 1
Step 4: 
=> a = 1
=> b = 0
=> c = 0
