Step 1:
=> o = 010
Step 2:
=> o = 011
Step 3:
=> o = 101
Step 4:
=> o = 110
