Step 1: 
=> b = 11
=> c = 11100
=> d = 100
Step 2: 
=> b = 10
=> c = 01010
=> d = 010
Step 3: 
=> b = 00
=> c = 00001
=> d = 001
